/Users/dikobagda/.gemini/antigravity/scratch/notarisone/apps/backend/node_modules/@prisma/client/src/runtime/getPrismaClient.ts:320
        throw new PrismaClientInitializationError(
              ^
PrismaClientInitializationError: `PrismaClient` needs to be constructed with a non-empty, valid `PrismaClientOptions`:

```
new PrismaClient({
  ...
})
```

or

```
constructor() {
  super({ ... });
}
```
          
    at new t (/Users/dikobagda/.gemini/antigravity/scratch/notarisone/apps/backend/node_modules/@prisma/client/src/runtime/getPrismaClient.ts:320:15)
    at Object.<anonymous> (/Users/dikobagda/.gemini/antigravity/scratch/notarisone/apps/backend/test-prisma.ts:2:16)
    at Module._compile (node:internal/modules/cjs/loader:1730:14)
    at Module.m._compile (/Users/dikobagda/.gemini/antigravity/scratch/notarisone/apps/backend/node_modules/ts-node/src/index.ts:1618:23)
    at node:internal/modules/cjs/loader:1895:10
    at Object.require.extensions.<computed> [as .ts] (/Users/dikobagda/.gemini/antigravity/scratch/notarisone/apps/backend/node_modules/ts-node/src/index.ts:1621:12)
    at Module.load (node:internal/modules/cjs/loader:1465:32)
    at Function._load (node:internal/modules/cjs/loader:1282:12)
    at TracingChannel.traceSync (node:diagnostics_channel:322:14)
    at wrapModuleLoad (node:internal/modules/cjs/loader:235:24) {
  clientVersion: '7.7.0',
  errorCode: undefined,
  retryable: undefined
}
